L 09/12/2026 - 18:54:57: Server cvar "mp_hostagepenalty" = "13"
L 09/12/2026 - 18:54:57: Server cvar "mp_infinite_ammo" = "0"
L 09/12/2026 - 18:54:57: Server cvar "mp_infinite_grenades" = "0"
L 09/12/2026 - 18:54:57: Server cvar "mp_item_respawn_time" = "30"
L 09/12/2026 - 18:54:57: Server cvar "mp_item_staytime" = "300"
L 09/12/2026 - 18:54:57: Server cvar "mp_jump_height" = "45"
L 09/12/2026 - 18:54:57: Server cvar "mp_kickpercent" = "0.66"
L 09/12/2026 - 18:54:57: Server cvar "mp_limitteams" = "2"
L 09/12/2026 - 18:54:57: Server cvar "mp_logdetail" = "0"
L 09/12/2026 - 18:54:57: Server cvar "mp_logfile" = "1"
L 09/12/2026 - 18:54:57: Server cvar "mp_logkills" = "1"
L 09/12/2026 - 18:54:57: Server cvar "mp_logmessages" = "1"
L 09/12/2026 - 18:54:57: Server cvar "mp_mapvoteratio" = "0.66"
L 09/12/2026 - 18:54:57: Server cvar "mp_maxmoney" = "16000"
L 09/12/2026 - 18:54:57: Server cvar "mp_maxrounds" = "0"
L 09/12/2026 - 18:54:57: Server cvar "mp_playerid" = "0"
L 09/12/2026 - 18:54:57: Server cvar "mp_radio_maxinround" = "60"
L 09/12/2026 - 18:54:57: Server cvar "mp_radio_timeout" = "1.5"
L 09/12/2026 - 18:54:57: Server cvar "mp_randomspawn" = "0"
L 09/12/2026 - 18:54:57: Server cvar "mp_respawn_immunity_effects" = "1"
L 09/12/2026 - 18:54:57: Server cvar "mp_respawn_immunity_force_unset" = "1"
L 09/12/2026 - 18:54:57: Server cvar "mp_respawn_immunitytime" = "0"
L 09/12/2026 - 18:54:57: Server cvar "mp_round_infinite" = "0"
L 09/12/2026 - 18:54:57: Server cvar "mp_round_restart_delay" = "5"
L 09/12/2026 - 18:54:57: Server cvar "mp_roundover" = "0"
L 09/12/2026 - 18:54:57: Server cvar "mp_roundtime" = "5"
L 09/12/2026 - 18:54:57: Server cvar "mp_scoreboard_showdefkit" = "1"
L 09/12/2026 - 18:54:57: Server cvar "mp_scoreboard_showhealth" = "3"
L 09/12/2026 - 18:54:57: Server cvar "mp_scoreboard_showmoney" = "3"
L 09/12/2026 - 18:54:57: Server cvar "mp_show_scenarioicon" = "0"
L 09/12/2026 - 18:54:57: Server cvar "mp_startmoney" = "800"
L 09/12/2026 - 18:54:57: Server cvar "mp_timeleft" = "0"
L 09/12/2026 - 18:54:57: Server cvar "mp_timelimit" = "0"
L 09/12/2026 - 18:54:57: Server cvar "mp_tkpunish" = "0"
L 09/12/2026 - 18:54:57: Server cvar "mp_weapon_respawn_time" = "20"
L 09/12/2026 - 18:54:57: Server cvar "mp_weapons_allow_map_placed" = "1"
L 09/12/2026 - 18:54:57: Server cvar "mp_windifference" = "1"
L 09/12/2026 - 18:54:57: Server cvar "mp_winlimit" = "0"
L 09/12/2026 - 18:54:57: Server cvar "pausable" = "1"
L 09/12/2026 - 18:54:57: Server cvar "sv_accelerate" = "10"
L 09/12/2026 - 18:54:57: Server cvar "sv_airaccelerate" = "10"
L 09/12/2026 - 18:54:57: Server cvar "sv_allow_autoaim" = "0"
L 09/12/2026 - 18:54:57: Server cvar "sv_allow_shaders" = "0"
L 09/12/2026 - 18:54:57: Server cvar "sv_allowupload" = "1"
L 09/12/2026 - 18:54:57: Server cvar "sv_alltalk" = "0"
L 09/12/2026 - 18:54:57: Server cvar "sv_bounce" = "1"
L 09/12/2026 - 18:54:57: Server cvar "sv_cheats" = "0"
L 09/12/2026 - 18:54:57: Server cvar "sv_clienttrace" = "1"
L 09/12/2026 - 18:54:57: Server cvar "sv_contact" = ""
L 09/12/2026 - 18:54:57: Server cvar "sv_friction" = "4"
L 09/12/2026 - 18:54:57: Server cvar "sv_gravity" = "800"
L 09/12/2026 - 18:54:57: Server cvar "sv_logblocks" = "0"
L 09/12/2026 - 18:54:57: Server cvar "sv_maxrate" = "0"
L 09/12/2026 - 18:54:57: Server cvar "sv_maxspeed" = "320"
L 09/12/2026 - 18:54:57: Server cvar "sv_minrate" = "0"
L 09/12/2026 - 18:54:57: Server cvar "sv_password" = ""
L 09/12/2026 - 18:54:57: Server cvar "sv_proxies" = "1"
L 09/12/2026 - 18:54:57: Server cvar "sv_restart" = "0"
L 09/12/2026 - 18:54:57: Server cvar "sv_restartround" = "0"
L 09/12/2026 - 18:54:57: Server cvar "sv_stepsize" = "18"
L 09/12/2026 - 18:54:57: Server cvar "sv_stopspeed" = "100"
L 09/12/2026 - 18:54:57: Server cvar "sv_uploadmax" = "0.5"
L 09/12/2026 - 18:54:57: Server cvar "sv_uploadmaxcount" = "10"
L 09/12/2026 - 18:54:57: Server cvar "sv_voiceenable" = "1"
L 09/12/2026 - 18:54:57: Server cvar "sv_wateraccelerate" = "10"
L 09/12/2026 - 18:54:57: Server cvar "sv_waterfriction" = "1"
L 09/12/2026 - 18:54:57: Server cvars end
L 09/12/2026 - 18:54:57: -------- Mapchange to de_dust2 --------
L 09/12/2026 - 18:54:57: Server cvar "amxmodx_version" = "1.10.3-A.K"
L 09/12/2026 - 18:54:57: Server cvar "sv_maxspeed" = "900"
couldn't exec maps/de_dust2_load.cfg
Executing ReGameDLL Configuration File
L 09/12/2026 - 18:54:57: Server cvar "mp_buytime" = "999"
L 09/12/2026 - 18:54:57: Server cvar "mp_maxmoney" = "99999"
L 09/12/2026 - 18:54:57: Server cvar "mp_timelimit" = "20"
L 09/12/2026 - 18:54:57: Server cvar "ff_damage_reduction_grenade_self" = "1.0"
L 09/12/2026 - 18:54:57: Server cvar "ff_damage_reduction_other" = "0.35"
L 09/12/2026 - 18:54:57: Server cvar "pausable" = "0"
astrabot user-message-ids pending
astrabot nav_auto map=1 status=Ready path=cstrike/maps/de_dust2.nav retry=explicit_load
[AMXX] Loaded 2 admins from file
L 09/12/2026 - 18:54:58: Server cvar "amx_nextmap" = "de_airstrip"
astrabot user-message-ids resolved
L 09/12/2026 - 18:54:58: "AstraBot<1><BOT><>" entered the game
L 09/12/2026 - 18:54:58: Server cvar "sv_accelerate" = "5"
L 09/12/2026 - 18:54:58: Server cvar "sv_stopspeed" = "75"
L 09/12/2026 - 18:54:58: "AstraBot<1><BOT><>" joined team "TERRORIST"
L 09/12/2026 - 18:54:58: "AstraBot<1><BOT><TERRORIST>" triggered "Spawned_With_The_Bomb"
astrabot buy actor=1:1 round=1 attempted=8 sent=8
L 09/12/2026 - 18:54:58: Started map "de_dust2" (CRC "1159425449")
Executing AMX Mod X Configuration File
Scrolling message displaying frequency: 10:00 minutes
L 09/12/2026 - 18:54:58: Server cvar "sv_maxspeed" = "320"
L 09/12/2026 - 18:54:58: Server cvar "mp_logdetail" = "1"
L 09/12/2026 - 18:54:58: Server cvar "mp_consistency" = "0"
couldn't exec listip.cfg
couldn't exec banned.cfg
Connection to Steam servers successful.
   VAC secure mode is activated.
L 09/12/2026 - 18:55:07: World triggered "Round_Start"
